[debug] [2026-05-03T08:17:18.187Z] ----------------------------------------------------------------------
[debug] [2026-05-03T08:17:18.191Z] Command:       c:\program files\nodejs\node.exe C:\Users\acer\AppData\Roaming\npm\node_modules\firebase-tools\lib\bin\firebase.js init hosting
[debug] [2026-05-03T08:17:18.191Z] CLI Version:   15.16.0
[debug] [2026-05-03T08:17:18.192Z] Platform:      win32
[debug] [2026-05-03T08:17:18.192Z] Node Version:  v24.15.0
[debug] [2026-05-03T08:17:18.192Z] Time:          Sun May 03 2026 13:47:18 GMT+0530 (India Standard Time)
[debug] [2026-05-03T08:17:18.192Z] ----------------------------------------------------------------------
[debug] 
[info] 
     ######## #### ########  ######## ########     ###     ######  ########
     ##        ##  ##     ## ##       ##     ##  ##   ##  ##       ##
     ######    ##  ########  ######   ########  #########  ######  ######
     ##        ##  ##    ##  ##       ##     ## ##     ##       ## ##
     ##       #### ##     ## ######## ########  ##     ##  ######  ########

You're about to initialize a Firebase project in this directory:

  C:\Users\acer\Documents\where is my bus

[info] 
=== Project Setup
[info] 
[info] First, let's associate this project directory with a Firebase project.
[info] You can create multiple project aliases by running firebase use --add, 
[info] 
[debug] [2026-05-03T08:18:26.329Z] > command requires scopes: ["email","openid","https://www.googleapis.com/auth/cloudplatformprojects.readonly","https://www.googleapis.com/auth/firebase","https://www.googleapis.com/auth/cloud-platform"]
[debug] [2026-05-03T08:18:26.329Z] > authorizing via signed-in user (sebastiangsebastian004@gmail.com)
[debug] [2026-05-03T08:18:26.331Z] Checked if tokens are valid: true, expires at: 1777799795707
[debug] [2026-05-03T08:18:26.331Z] Checked if tokens are valid: true, expires at: 1777799795707
[debug] [2026-05-03T08:18:26.333Z] >>> [apiv2][query] GET https://firebase.googleapis.com/v1beta1/projects pageSize=100
[debug] [2026-05-03T08:18:27.323Z] <<< [apiv2][status] GET https://firebase.googleapis.com/v1beta1/projects 200
[debug] [2026-05-03T08:18:27.323Z] <<< [apiv2][body] GET https://firebase.googleapis.com/v1beta1/projects [omitted]
[debug] [2026-05-03T08:18:47.177Z] ExitPromptError: User force closed the prompt with SIGINT
    at Interface.sigint (C:\Users\acer\AppData\Roaming\npm\node_modules\firebase-tools\node_modules\@inquirer\core\dist\commonjs\lib\create-prompt.js:101:37)
    at Interface.emit (node:events:509:28)
    at [_ttyWrite] [as _ttyWrite] (node:internal/readline/interface:1327:18)
    at ReadStream.onkeypress (node:internal/readline/interface:284:20)
    at ReadStream.emit (node:events:521:24)
    at emitKeys (node:internal/readline/utils:371:14)
    at emitKeys.next (<anonymous>)
    at ReadStream.onData (node:internal/readline/emitKeypressEvents:64:36)
    at ReadStream.emit (node:events:509:28)
    at addChunk (node:internal/streams/readable:563:12)
[error] 
[error] Error: An unexpected error has occurred.
[debug] [2026-05-03T08:18:52.373Z] ----------------------------------------------------------------------
[debug] [2026-05-03T08:18:52.375Z] Command:       c:\program files\nodejs\node.exe C:\Users\acer\AppData\Roaming\npm\node_modules\firebase-tools\lib\bin\firebase.js init hosting
[debug] [2026-05-03T08:18:52.376Z] CLI Version:   15.16.0
[debug] [2026-05-03T08:18:52.376Z] Platform:      win32
[debug] [2026-05-03T08:18:52.376Z] Node Version:  v24.15.0
[debug] [2026-05-03T08:18:52.376Z] Time:          Sun May 03 2026 13:48:52 GMT+0530 (India Standard Time)
[debug] [2026-05-03T08:18:52.376Z] ----------------------------------------------------------------------
[debug] 
[info] 
     ######## #### ########  ######## ########     ###     ######  ########
     ##        ##  ##     ## ##       ##     ##  ##   ##  ##       ##
     ######    ##  ########  ######   ########  #########  ######  ######
     ##        ##  ##    ##  ##       ##     ## ##     ##       ## ##
     ##       #### ##     ## ######## ########  ##     ##  ######  ########

You're about to initialize a Firebase project in this directory:

  C:\Users\acer\Documents\where is my bus

[info] 
=== Project Setup
[info] 
[info] First, let's associate this project directory with a Firebase project.
[info] You can create multiple project aliases by running firebase use --add, 
[info] 
